
 Start  Stop   Length Name               Class

 00000H 045F0H 045F1H _TEXT              CODE
 045F1H 06350H 01D60H IGRAB_TEXT         CODE
 06351H 08A05H 026B5H DOGRAB_TEXT        CODE
 08A06H 0EB97H 06192H FINISH_TEXT        CODE
 0EB98H 0F38DH 007F6H GRABCGA_TEXT       CODE
 0F38EH 0FCE8H 0095BH GRABEGA_TEXT       CODE
 0FCE9H 10463H 0077BH GRABVGA_TEXT       CODE
 10464H 10F7CH 00B19H LBMLOAD_TEXT       CODE
 10F7DH 11527H 005ABH JHUFF_TEXT         CODE
 11528H 116A7H 00180H XMS_TEXT           CODE
 116A8H 11727H 00080H COMP_A_TEXT        CODE
 11730H 11730H 00000H _FARDATA           FAR_DATA
 11730H 126D7H 00FA8H StatusScreen       FAR_DATA
 126E0H 126E0H 00000H _FARBSS            FAR_BSS
 126E0H 126E0H 00000H _OVERLAY_          OVRINFO
 126E0H 126E0H 00000H _1STUB_            STUBSEG
 126E0H 159A7H 032C8H _DATA              DATA
 159A8H 159A9H 00002H _CVTSEG            DATA
 159AAH 159AFH 00006H _SCNSEG            DATA
 159B0H 159B0H 00000H _CONST             CONST
 159B0H 159CDH 0001EH _INIT_             INITDATA
 159CEH 159CEH 00000H _INITEND_          INITDATA
 159CEH 159CEH 00000H _EXIT_             EXITDATA
 159CEH 159CEH 00000H _EXITEND_          EXITDATA
 159CEH 1B56DH 05BA0H _BSS               BSS
 1B56EH 1B56EH 00000H _BSSEND            BSSEND
 1B570H 1B5EFH 00080H _STACK             STACK

Program entry point at 0000:0000

