
 Start  Stop   Length Name               Class

 00000H 045F0H 045F1H _TEXT              CODE
 045F1H 06350H 01D60H IGRAB_TEXT         CODE
 06351H 08A05H 026B5H DOGRAB_TEXT        CODE
 08A06H 0EB99H 06194H FINISH_TEXT        CODE
 0EB9AH 0F38FH 007F6H GRABCGA_TEXT       CODE
 0F390H 0FCEAH 0095BH GRABEGA_TEXT       CODE
 0FCEBH 10465H 0077BH GRABVGA_TEXT       CODE
 10466H 10F8AH 00B25H LBMLOAD_TEXT       CODE
 10F8BH 11535H 005ABH JHUFF_TEXT         CODE
 11536H 116B5H 00180H XMS_TEXT           CODE
 116B6H 11735H 00080H COMP_A_TEXT        CODE
 11740H 11740H 00000H _FARDATA           FAR_DATA
 11740H 126E7H 00FA8H StatusScreen       FAR_DATA
 126F0H 126F0H 00000H _FARBSS            FAR_BSS
 126F0H 126F0H 00000H _OVERLAY_          OVRINFO
 126F0H 126F0H 00000H _1STUB_            STUBSEG
 126F0H 159BBH 032CCH _DATA              DATA
 159BCH 159BDH 00002H _CVTSEG            DATA
 159BEH 159C3H 00006H _SCNSEG            DATA
 159C4H 159C4H 00000H _CONST             CONST
 159C4H 159E1H 0001EH _INIT_             INITDATA
 159E2H 159E2H 00000H _INITEND_          INITDATA
 159E2H 159E2H 00000H _EXIT_             EXITDATA
 159E2H 159E2H 00000H _EXITEND_          EXITDATA
 159E2H 1B581H 05BA0H _BSS               BSS
 1B582H 1B582H 00000H _BSSEND            BSSEND
 1B590H 1B60FH 00080H _STACK             STACK

Program entry point at 0000:0000

